Archive member included because of file (symbol)

contiki-sky.a(rimeaddr.o)     obj_sky/contiki-sky-main.o (rimeaddr_copy)
contiki-sky.a(rime.o)         obj_sky/contiki-sky-main.o (rime_driver)
contiki-sky.a(announcement.o)
                              contiki-sky.a(rime.o) (announcement_init)
contiki-sky.a(broadcast-annou)
                              contiki-sky.a(rime.o) (broadcast_announcement_init)
contiki-sky.a(broadcast.o)    contiki-sky.a(broadcast-annou) (broadcast_open)
contiki-sky.a(unicast.o)      assignment1.co (unicast_open)
contiki-sky.a(abc.o)          contiki-sky.a(broadcast.o) (abc_open)
contiki-sky.a(chameleon.o)    contiki-sky.a(rime.o) (chameleon_init)
contiki-sky.a(channel.o)      contiki-sky.a(chameleon.o) (channel_init)
contiki-sky.a(chameleon-bitop)
                              contiki-sky.a(chameleon.o) (chameleon_bitopt)
contiki-sky.a(csma.o)         obj_sky/contiki-sky-main.o (csma_driver)
contiki-sky.a(contikimac.o)   obj_sky/contiki-sky-main.o (contikimac_driver)
contiki-sky.a(phase.o)        contiki-sky.a(contikimac.o) (phase_update)
contiki-sky.a(process.o)      obj_sky/contiki-sky-main.o (process_init)
contiki-sky.a(autostart.o)    obj_sky/contiki-sky-main.o (autostart_start)
contiki-sky.a(compower.o)     contiki-sky.a(contikimac.o) (compower_accumulate)
contiki-sky.a(serial-line.o)  obj_sky/contiki-sky-main.o (serial_line_input_byte)
contiki-sky.a(memb.o)         contiki-sky.a(csma.o) (memb_init)
contiki-sky.a(timer.o)        obj_sky/contiki-sky-main.o (timer_set)
contiki-sky.a(list.o)         contiki-sky.a(announcement.o) (list_init)
contiki-sky.a(etimer.o)       obj_sky/contiki-sky-main.o (etimer_process)
contiki-sky.a(ctimer.o)       obj_sky/contiki-sky-main.o (ctimer_init)
contiki-sky.a(energest.o)     obj_sky/contiki-sky-main.o (energest_init)
contiki-sky.a(rtimer.o)       obj_sky/contiki-sky-main.o (rtimer_init)
contiki-sky.a(random.o)       obj_sky/contiki-sky-main.o (random_init)
contiki-sky.a(ringbuf.o)      contiki-sky.a(serial-line.o) (ringbuf_init)
contiki-sky.a(nbr-table.o)    contiki-sky.a(phase.o) (nbr_table_register)
contiki-sky.a(packetbuf.o)    contiki-sky.a(contikimac.o) (packetbuf_hdr_remove)
contiki-sky.a(queuebuf.o)     contiki-sky.a(rime.o) (queuebuf_init)
contiki-sky.a(contiki-sky-pla)
                              obj_sky/contiki-sky-main.o (init_platform)
contiki-sky.a(button-sensor.o)
                              contiki-sky.a(contiki-sky-pla) (button_sensor)
contiki-sky.a(ds2411.o)       obj_sky/contiki-sky-main.o (ds2411_init)
contiki-sky.a(xmem.o)         obj_sky/contiki-sky-main.o (xmem_init)
contiki-sky.a(node-id.o)      obj_sky/contiki-sky-main.o (node_id_restore)
contiki-sky.a(sensors.o)      contiki-sky.a(button-sensor.o) (sensors_changed)
contiki-sky.a(cc2420.o)       assignment1.co (cc2420_on)
contiki-sky.a(cc2420-arch.o)  contiki-sky.a(cc2420.o) (cc2420_arch_init)
contiki-sky.a(uart1.o)        obj_sky/contiki-sky-main.o (uart1_active)
contiki-sky.a(uart1-putchar.o)
                              obj_sky/contiki-sky-main.o (putchar)
contiki-sky.a(msp430.o)       contiki-sky.a(uart1.o) (msp430_add_lpm_req)
contiki-sky.a(clock.o)        contiki-sky.a(timer.o) (clock_time)
contiki-sky.a(leds.o)         obj_sky/contiki-sky-main.o (leds_init)
contiki-sky.a(leds-arch.o)    contiki-sky.a(leds.o) (leds_arch_init)
contiki-sky.a(watchdog.o)     obj_sky/contiki-sky-main.o (watchdog_start)
contiki-sky.a(rtimer-arch.o)  contiki-sky.a(rtimer.o) (rtimer_arch_init)
contiki-sky.a(mac.o)          contiki-sky.a(csma.o) (mac_call_sent_callback)
contiki-sky.a(framer-802154.o)
                              contiki-sky.a(contikimac.o) (framer_802154)
contiki-sky.a(spi.o)          contiki-sky.a(xmem.o) (spi_init)
contiki-sky.a(frame802154.o)  contiki-sky.a(framer-802154.o) (frame802154_hdrlen)
/usr/lib/gcc/msp430/4.6.3/mmpy-16/libgcc.a(_mulsi3.o)
                              contiki-sky.a(csma.o) (__mulsi3)
/usr/lib/gcc/msp430/4.6.3/mmpy-16/libgcc.a(_udivmod16.o)
                              contiki-sky.a(phase.o) (__umodhi3)
/usr/lib/gcc/msp430/4.6.3/mmpy-16/libgcc.a(_divmod16.o)
                              contiki-sky.a(nbr-table.o) (__divhi3)
/usr/lib/gcc/msp430/4.6.3/mmpy-16/libgcc.a(_udivmod32.o)
                              obj_sky/contiki-sky-main.o (__udivsi3)
/usr/lib/gcc/msp430/4.6.3/../../../../msp430/lib/mmpy-16/libc.a(strchr.o)
                              assignment1.co (strchr)
/usr/lib/gcc/msp430/4.6.3/../../../../msp430/lib/mmpy-16/libc.a(strncmp.o)
                              contiki-sky.a(sensors.o) (strncmp)
/usr/lib/gcc/msp430/4.6.3/../../../../msp430/lib/mmpy-16/libc.a(memcmp.o)
                              contiki-sky.a(rimeaddr.o) (memcmp)
/usr/lib/gcc/msp430/4.6.3/../../../../msp430/lib/mmpy-16/libc.a(memcpy.o)
                              contiki-sky.a(broadcast-annou) (memcpy)
/usr/lib/gcc/msp430/4.6.3/../../../../msp430/lib/mmpy-16/libc.a(memset.o)
                              obj_sky/contiki-sky-main.o (memset)
[...]
Memory Configuration

Name             Origin             Length             Attributes
sfr              0x00000000         0x00000010
peripheral_8bit  0x00000010         0x000000f0
peripheral_16bit 0x00000100         0x00000100
ram_mirror       0x00000200         0x00000800         xw
infomem          0x00001000         0x00000100
infob            0x00001000         0x00000080
infoa            0x00001080         0x00000080
ram              0x00001100         0x00002800         xw
rom              0x00004000         0x0000bfe0         xr
vectors          0x0000ffe0         0x00000020
bsl              0x00000000         0x00000000
infoc            0x00000000         0x00000000
infod            0x00000000         0x00000000
ram2             0x00000000         0x00000000         xw
usbram           0x00000000         0x00000000         xw
far_rom          0x00000000         0x00000000
*default*        0x00000000         0xffffffff

Linker script and memory map

LOAD /usr/lib/gcc/msp430/4.6.3/mmpy-16/crt0ivtbl16.o
LOAD assignment1.co
LOAD obj_sky/contiki-sky-main.o
LOAD contiki-sky.a
LOAD /usr/lib/gcc/msp430/4.6.3/mmpy-16/libgcc.a
LOAD /usr/lib/gcc/msp430/4.6.3/../../../../msp430/lib/mmpy-16/libc.a
LOAD /usr/lib/gcc/msp430/4.6.3/mmpy-16/libgcc.a
LOAD /usr/lib/gcc/msp430/4.6.3/mmpy-16/libcrt0.a
                0x00000080                PROVIDE (__info_segment_size, 0x80)
                0x00001000                PROVIDE (__infob, 0x1000)
                0x00001080                PROVIDE (__infoa, 0x1080)
                0x00000000                __IE1 = 0x0
                0x00000002                __IFG1 = 0x2
                0x00000004                __ME1 = 0x4
                0x00000001                __IE2 = 0x1
                0x00000003                __IFG2 = 0x3
                0x00000005                __ME2 = 0x5
                0x00000120                __WDTCTL = 0x120
                0x00000130                __MPY = 0x130
                0x00000132                __MPYS = 0x132
                0x00000134                __MAC = 0x134
                0x00000136                __MACS = 0x136
                0x00000138                __OP2 = 0x138
                0x0000013a                __RESLO = 0x13a
                0x0000013c                __RESHI = 0x13c
                0x0000013e                __SUMEXT = 0x13e
                0x00000020                __P1IN = 0x20
                0x00000021                __P1OUT = 0x21
                0x00000022                __P1DIR = 0x22
                0x00000023                __P1IFG = 0x23
                0x00000024                __P1IES = 0x24
                0x00000025                __P1IE = 0x25
                0x00000026                __P1SEL = 0x26
                0x00000028                __P2IN = 0x28
                0x00000029                __P2OUT = 0x29
                0x0000002a                __P2DIR = 0x2a
                0x0000002b                __P2IFG = 0x2b
                0x0000002c                __P2IES = 0x2c
                0x0000002d                __P2IE = 0x2d
                0x0000002e                __P2SEL = 0x2e
                0x00000018                __P3IN = 0x18
                0x00000019                __P3OUT = 0x19
                0x0000001a                __P3DIR = 0x1a
                0x0000001b                __P3SEL = 0x1b
                0x0000001c                __P4IN = 0x1c
                0x0000001d                __P4OUT = 0x1d
                0x0000001e                __P4DIR = 0x1e
                0x0000001f                __P4SEL = 0x1f
                0x00000030                __P5IN = 0x30
                0x00000031                __P5OUT = 0x31
                0x00000032                __P5DIR = 0x32
                0x00000033                __P5SEL = 0x33
                0x00000034                __P6IN = 0x34
                0x00000035                __P6OUT = 0x35
                0x00000036                __P6DIR = 0x36
                0x00000037                __P6SEL = 0x37
                0x00000070                __U0CTL = 0x70
                0x00000071                __U0TCTL = 0x71
                0x00000072                __U0RCTL = 0x72
                0x00000073                __U0MCTL = 0x73
                0x00000074                __U0BR0 = 0x74
                0x00000075                __U0BR1 = 0x75
                0x00000076                __U0RXBUF = 0x76
                0x00000077                __U0TXBUF = 0x77
                0x00000078                __U1CTL = 0x78
                0x00000079                __U1TCTL = 0x79
                0x0000007a                __U1RCTL = 0x7a
                0x0000007b                __U1MCTL = 0x7b
                0x0000007c                __U1BR0 = 0x7c
                0x0000007d                __U1BR1 = 0x7d
                0x0000007e                __U1RXBUF = 0x7e
                0x0000007f                __U1TXBUF = 0x7f
                0x00000050                __I2CIE = 0x50
                0x00000051                __I2CIFG = 0x51
                0x00000052                __I2CNDAT = 0x52
                0x00000071                __I2CTCTL = 0x71
                0x00000072                __I2CDCTL = 0x72
                0x00000073                __I2CPSC = 0x73
                0x00000074                __I2CSCLH = 0x74
                0x00000075                __I2CSCLL = 0x75
                0x00000076                __I2CDRB = 0x76
                0x00000076                __I2CDRW = 0x76
                0x00000118                __I2COA = 0x118
                0x0000011a                __I2CSA = 0x11a
                0x0000011c                __I2CIV = 0x11c
                0x0000012e                __TAIV = 0x12e
                0x00000160                __TACTL = 0x160
                0x00000162                __TACCTL0 = 0x162
                0x00000164                __TACCTL1 = 0x164
                0x00000166                __TACCTL2 = 0x166
                0x00000170                __TAR = 0x170
                0x00000172                __TACCR0 = 0x172
                0x00000174                __TACCR1 = 0x174
                0x00000176                __TACCR2 = 0x176
                0x0000011e                __TBIV = 0x11e
                0x00000180                __TBCTL = 0x180
                0x00000182                __TBCCTL0 = 0x182
                0x00000184                __TBCCTL1 = 0x184
                0x00000186                __TBCCTL2 = 0x186
                0x00000188                __TBCCTL3 = 0x188
                0x0000018a                __TBCCTL4 = 0x18a
                0x0000018c                __TBCCTL5 = 0x18c
                0x0000018e                __TBCCTL6 = 0x18e
                0x00000190                __TBR = 0x190
                0x00000192                __TBCCR0 = 0x192
                0x00000194                __TBCCR1 = 0x194
                0x00000196                __TBCCR2 = 0x196
                0x00000198                __TBCCR3 = 0x198
                0x0000019a                __TBCCR4 = 0x19a
                0x0000019c                __TBCCR5 = 0x19c
                0x0000019e                __TBCCR6 = 0x19e
                0x00000056                __DCOCTL = 0x56
                0x00000057                __BCSCTL1 = 0x57
                0x00000058                __BCSCTL2 = 0x58
                0x00000055                __SVSCTL = 0x55
                0x00000128                __FCTL1 = 0x128
                0x0000012a                __FCTL2 = 0x12a
                0x0000012c                __FCTL3 = 0x12c
                0x00000059                __CACTL1 = 0x59
                0x0000005a                __CACTL2 = 0x5a
                0x0000005b                __CAPD = 0x5b
                0x000001a0                __ADC12CTL0 = 0x1a0
                0x000001a2                __ADC12CTL1 = 0x1a2
                0x000001a4                __ADC12IFG = 0x1a4
                0x000001a6                __ADC12IE = 0x1a6
                0x000001a8                __ADC12IV = 0x1a8
                0x00000140                __ADC12MEM0 = 0x140
                0x00000142                __ADC12MEM1 = 0x142
                0x00000144                __ADC12MEM2 = 0x144
                0x00000146                __ADC12MEM3 = 0x146
                0x00000148                __ADC12MEM4 = 0x148
                0x0000014a                __ADC12MEM5 = 0x14a
                0x0000014c                __ADC12MEM6 = 0x14c
                0x0000014e                __ADC12MEM7 = 0x14e
                0x00000150                __ADC12MEM8 = 0x150
                0x00000152                __ADC12MEM9 = 0x152
                0x00000154                __ADC12MEM10 = 0x154
                0x00000156                __ADC12MEM11 = 0x156
                0x00000158                __ADC12MEM12 = 0x158
                0x0000015a                __ADC12MEM13 = 0x15a
                0x0000015c                __ADC12MEM14 = 0x15c
                0x0000015e                __ADC12MEM15 = 0x15e
                0x00000080                __ADC12MCTL0 = 0x80
                0x00000081                __ADC12MCTL1 = 0x81
                0x00000082                __ADC12MCTL2 = 0x82
                0x00000083                __ADC12MCTL3 = 0x83
                0x00000084                __ADC12MCTL4 = 0x84
                0x00000085                __ADC12MCTL5 = 0x85
                0x00000086                __ADC12MCTL6 = 0x86
                0x00000087                __ADC12MCTL7 = 0x87
                0x00000088                __ADC12MCTL8 = 0x88
                0x00000089                __ADC12MCTL9 = 0x89
                0x0000008a                __ADC12MCTL10 = 0x8a
                0x0000008b                __ADC12MCTL11 = 0x8b
                0x0000008c                __ADC12MCTL12 = 0x8c
                0x0000008d                __ADC12MCTL13 = 0x8d
                0x0000008e                __ADC12MCTL14 = 0x8e
                0x0000008f                __ADC12MCTL15 = 0x8f
                0x000001c0                __DAC12_0CTL = 0x1c0
                0x000001c2                __DAC12_1CTL = 0x1c2
                0x000001c8                __DAC12_0DAT = 0x1c8
                0x000001ca                __DAC12_1DAT = 0x1ca
                0x00000122                __DMACTL0 = 0x122
                0x00000124                __DMACTL1 = 0x124
                0x000001e0                __DMA0CTL = 0x1e0
                0x000001e8                __DMA1CTL = 0x1e8
                0x000001f0                __DMA2CTL = 0x1f0
                0x000001e2                __DMA0SA = 0x1e2
                0x000001e4                __DMA0DA = 0x1e4
                0x000001e6                __DMA0SZ = 0x1e6
                0x000001ea                __DMA1SA = 0x1ea
                0x000001ec                __DMA1DA = 0x1ec
                0x000001ee                __DMA1SZ = 0x1ee
                0x000001f2                __DMA2SA = 0x1f2
                0x000001f4                __DMA2DA = 0x1f4
                0x000001f6                __DMA2SZ = 0x1f6

.hash
 *(.hash)

.dynsym
 *(.dynsym)

.dynstr
 *(.dynstr)

.gnu.version
 *(.gnu.version)

.gnu.version_d
 *(.gnu.version_d)

.gnu.version_r
 *(.gnu.version_r)

.rel.init
 *(.rel.init)

.rela.init
 *(.rela.init)

.rel.fini
 *(.rel.fini)

.rela.fini
 *(.rela.fini)

.rel.text
 *(.rel.text .rel.text.* .rel.gnu.linkonce.t.*)

.rela.text
 *(.rela.text .rela.text.* .rela.gnu.linkonce.t.*)

.rel.rodata
 *(.rel.rodata .rel.rodata.* .rel.gnu.linkonce.r.*)

.rela.rodata
 *(.rela.rodata .rela.rodata.* .rela.gnu.linkonce.r.*)

.rel.data
 *(.rel.data .rel.data.* .rel.gnu.linkonce.d.*)

.rela.data
 *(.rela.data .rela.data.* .rela.gnu.linkonce.d.*)

.rel.bss
 *(.rel.bss .rel.bss.* .rel.gnu.linkonce.b.*)

.rela.bss
 *(.rela.bss .rela.bss.* .rela.gnu.linkonce.b.*)

.rel.ctors
 *(.rel.ctors)

.rela.ctors
 *(.rela.ctors)

.rel.dtors
 *(.rel.dtors)

.rela.dtors
 *(.rela.dtors)

.rel.got
 *(.rel.got)

.rela.got
 *(.rela.got)

.rel.plt
 *(.rel.plt)

.rela.plt
 *(.rela.plt)

.text           0x00004000     0x55be
                0x00004000                . = ALIGN (0x2)
 *(.init .init.*)
 *(.init0)
 .init0         0x00004000        0x0 /usr/lib/gcc/msp430/4.6.3/mmpy-16/libcrt0.a(_reset_vector__.o)
                0x00004000                _reset_vector__
 *(.init1)
 .init1         0x00004000        0xc /usr/lib/gcc/msp430/4.6.3/mmpy-16/libcrt0.a(__watchdog_support.o)
                0x00004000                __watchdog_support
 *(.init2)
 .init2         0x0000400c        0x4 /usr/lib/gcc/msp430/4.6.3/mmpy-16/libcrt0.a(__init_stack.o)
                0x0000400c                __init_stack
 *(.init3)
 .init3         0x00004010        0x0 /usr/lib/gcc/msp430/4.6.3/mmpy-16/libcrt0.a(__low_level_init.o)
                0x00004010                __low_level_init
 *(.init4)
 .init4         0x00004010       0x18 /usr/lib/gcc/msp430/4.6.3/mmpy-16/libcrt0.a(_copy_data.o)
                0x00004010                __do_copy_data
 .init4         0x00004028       0x16 /usr/lib/gcc/msp430/4.6.3/mmpy-16/libcrt0.a(_clear_bss.o)
                0x00004028                __do_clear_bss
 *(.init5)
 *(.init6)
 *(.init7)
 *(.init8)
 *(.init9)
 .init9         0x0000403e      0x302 obj_sky/contiki-sky-main.o
                0x0000403e                main
 *(.fini9)
 .fini9         0x00004340        0x0 /usr/lib/gcc/msp430/4.6.3/mmpy-16/libcrt0.a(__stop_progExec__.o)
                0x00004340                __stop_progExec__
 *(.fini8)
 *(.fini7)
 *(.fini6)
 *(.fini5)
 *(.fini4)
 *(.fini3)
 *(.fini2)
 *(.fini1)
 *(.fini0)
 .fini0         0x00004340        0x6 /usr/lib/gcc/msp430/4.6.3/mmpy-16/libcrt0.a(_endless_loop__.o)
                0x00004340                _endless_loop__
 *(.fini .fini.*)
                0x00004346                . = ALIGN (0x2)
                0x00004346                __ctors_start = .
 *(.ctors)
                0x00004346                __ctors_end = .
                0x00004346                __dtors_start = .
 *(.dtors)
                0x00004346                __dtors_end = .
                0x00004346                . = ALIGN (0x2)
 *(.text .text.* .gnu.linkonce.t.*)
 .text          0x00004346        0x4 /usr/lib/gcc/msp430/4.6.3/mmpy-16/crt0ivtbl16.o
                0x00004346                __isr_14
                0x00004346                __isr_11
                0x00004346                __isr_2
                0x00004346                __isr_7
                0x00004346                __isr_0
                0x00004346                __isr_8
                0x00004346                __isr_3
                0x00004346                __isr_12
                0x00004346                __isr_13
                0x00004346                __isr_9
 .text.unicast_prr
                0x0000434a       0x38 assignment1.co
 .text.recv_uc  0x00004382       0xa6 assignment1.co
 .text.process_thread_example_unicast_process
                0x00004428       0xca assignment1.co
 .text.rimeaddr_copy
                0x000044f2        0xc contiki-sky.a(rimeaddr.o)
                0x000044f2                rimeaddr_copy
 .text.rimeaddr_cmp
                0x000044fe       0x12 contiki-sky.a(rimeaddr.o)
                0x000044fe                rimeaddr_cmp
 .text.rimeaddr_set_node_addr
                0x00004510        0xc contiki-sky.a(rimeaddr.o)
                0x00004510                rimeaddr_set_node_addr
 .text.input    0x0000451c       0x3a contiki-sky.a(rime.o)
 .text.init     0x00004556       0x2e contiki-sky.a(rime.o)
 .text.packet_sent
                0x00004584       0x44 contiki-sky.a(rime.o)
 .text.rime_output
                0x000045c8       0x24 contiki-sky.a(rime.o)
                0x000045c8                rime_output
 .text.announcement_init
                0x000045ec        0xa contiki-sky.a(announcement.o)
                0x000045ec                announcement_init
 .text.announcement_register_observer_callback
                0x000045f6        0x6 contiki-sky.a(announcement.o)
                0x000045f6                announcement_register_observer_callback
 .text.announcement_list
                0x000045fc        0xa contiki-sky.a(announcement.o)
                0x000045fc                announcement_list
 .text.announcement_heard
                0x00004606       0x42 contiki-sky.a(announcement.o)
                0x00004606                announcement_heard
 .text.adv_packet_sent
                0x00004648        0x2 contiki-sky.a(broadcast-annou)
 .text.adv_packet_received
                0x0000464a       0x66 contiki-sky.a(broadcast-annou)
 .text.set_timers
                0x000046b0       0x4a contiki-sky.a(broadcast-annou)
 .text.send_timer
                0x000046fa       0x36 contiki-sky.a(broadcast-annou)
 .text.new_announcement
                0x00004730       0x18 contiki-sky.a(broadcast-annou)
 .text.send_adv
                0x00004748       0x66 contiki-sky.a(broadcast-annou)
 .text.broadcast_announcement_init
                0x000047ae       0x48 contiki-sky.a(broadcast-annou)
                0x000047ae                broadcast_announcement_init
 .text.sent_by_abc
                0x000047f6       0x10 contiki-sky.a(broadcast.o)
 .text.recv_from_abc
                0x00004806       0x26 contiki-sky.a(broadcast.o)
 .text.broadcast_open
                0x0000482c       0x2a contiki-sky.a(broadcast.o)
                0x0000482c                broadcast_open
 .text.broadcast_close
                0x00004856        0x6 contiki-sky.a(broadcast.o)
                0x00004856                broadcast_close
 .text.broadcast_send
                0x0000485c       0x1a contiki-sky.a(broadcast.o)
                0x0000485c                broadcast_send
 .text.sent_by_broadcast
                0x00004876       0x10 contiki-sky.a(unicast.o)
 .text.recv_from_broadcast
                0x00004886       0x2e contiki-sky.a(unicast.o)
 .text.unicast_open
                0x000048b4       0x2a contiki-sky.a(unicast.o)
                0x000048b4                unicast_open
 .text.unicast_close
                0x000048de        0x6 contiki-sky.a(unicast.o)
                0x000048de                unicast_close
 .text.unicast_send
                0x000048e4       0x16 contiki-sky.a(unicast.o)
                0x000048e4                unicast_send
 .text.abc_open
                0x000048fa       0x26 contiki-sky.a(abc.o)
                0x000048fa                abc_open
 .text.abc_close
                0x00004920        0x6 contiki-sky.a(abc.o)
                0x00004920                abc_close
 .text.abc_send
                0x00004926        0x6 contiki-sky.a(abc.o)
                0x00004926                abc_send
 .text.abc_input
                0x0000492c        0xe contiki-sky.a(abc.o)
                0x0000492c                abc_input
 .text.abc_sent
                0x0000493a       0x10 contiki-sky.a(abc.o)
                0x0000493a                abc_sent
 .text.chameleon_init
                0x0000494a        0x6 contiki-sky.a(chameleon.o)
                0x0000494a                chameleon_init
 .text.chameleon_parse
                0x00004950       0x10 contiki-sky.a(chameleon.o)
                0x00004950                chameleon_parse
 .text.chameleon_create
                0x00004960       0x1c contiki-sky.a(chameleon.o)
                0x00004960                chameleon_create
 .text.chameleon_hdrsize
                0x0000497c        0x6 contiki-sky.a(chameleon.o)
                0x0000497c                chameleon_hdrsize
 .text.channel_init
                0x00004982        0xa contiki-sky.a(channel.o)
                0x00004982                channel_init
 .text.channel_open
                0x0000498c       0x10 contiki-sky.a(channel.o)
                0x0000498c                channel_open
 .text.channel_close
                0x0000499c        0xc contiki-sky.a(channel.o)
                0x0000499c                channel_close
 .text.channel_lookup
                0x000049a8       0x20 contiki-sky.a(channel.o)
                0x000049a8                channel_lookup
 .text.channel_set_attributes
                0x000049c8       0x24 contiki-sky.a(channel.o)
                0x000049c8                channel_set_attributes
 .text.header_size
                0x000049ec       0x16 contiki-sky.a(chameleon-bitop)
 .text.get_bits_in_byte
                0x00004a02       0x3a contiki-sky.a(chameleon-bitop)
                0x00004a02                get_bits_in_byte
 .text.get_bits
                0x00004a3c       0xa4 contiki-sky.a(chameleon-bitop)
                0x00004a3c                get_bits
 .text.unpack_header
                0x00004ae0       0xd6 contiki-sky.a(chameleon-bitop)
 .text.set_bits_in_byte
                0x00004bb6       0x2c contiki-sky.a(chameleon-bitop)
                0x00004bb6                set_bits_in_byte
 .text.set_bits
                0x00004be2       0xd2 contiki-sky.a(chameleon-bitop)
                0x00004be2                set_bits
 .text.pack_header
                0x00004cb4       0xbc contiki-sky.a(chameleon-bitop)
 .text.input_packet
                0x00004d70        0x6 contiki-sky.a(csma.o)
 .text.on       0x00004d76        0x6 contiki-sky.a(csma.o)
 .text.off      0x00004d7c        0x6 contiki-sky.a(csma.o)
 .text.channel_check_interval
                0x00004d82       0x10 contiki-sky.a(csma.o)
 .text.transmit_packet_list
                0x00004d92       0x24 contiki-sky.a(csma.o)
 .text.send_packet
                0x00004db6      0x162 contiki-sky.a(csma.o)
 .text.init     0x00004f18       0x1a contiki-sky.a(csma.o)
 .text.free_packet
                0x00004f32       0x98 contiki-sky.a(csma.o)
 .text.packet_sent
                0x00004fca      0x12e contiki-sky.a(csma.o)
 .text.duty_cycle
                0x000050f8        0x6 contiki-sky.a(contikimac.o)
 .text.init     0x000050fe       0x2e contiki-sky.a(contikimac.o)
 .text.on       0x0000512c       0x1a contiki-sky.a(contikimac.o)
 .text.off      0x00005146       0x22 contiki-sky.a(contikimac.o)
 .text.recv_burst_off
                0x00005168        0xa contiki-sky.a(contikimac.o)
 .text.turn_off
                0x00005172       0x20 contiki-sky.a(contikimac.o)
 .text.turn_on  0x00005192       0x30 contiki-sky.a(contikimac.o)
 .text.schedule_powercycle_fixed.part.4
                0x000051c2       0x36 contiki-sky.a(contikimac.o)
 .text.powercycle_turn_radio_off
                0x000051f8       0x30 contiki-sky.a(contikimac.o)
 .text.powercycle
                0x00005228      0x1da contiki-sky.a(contikimac.o)
 .text.input_packet
                0x00005402      0x128 contiki-sky.a(contikimac.o)
 .text.send_packet
                0x0000552a      0x2c4 contiki-sky.a(contikimac.o)
 .text.qsend_packet
                0x000057ee       0x28 contiki-sky.a(contikimac.o)
 .text.qsend_list
                0x00005816       0x84 contiki-sky.a(contikimac.o)
 .text.send_packet
                0x0000589a       0x44 contiki-sky.a(phase.o)
 .text.phase_update
                0x000058de       0x90 contiki-sky.a(phase.o)
                0x000058de                phase_update
 .text.phase_wait
                0x0000596e       0xf6 contiki-sky.a(phase.o)
                0x0000596e                phase_wait
 .text.phase_init
                0x00005a64       0x14 contiki-sky.a(phase.o)
                0x00005a64                phase_init
 .text.call_process
                0x00005a78       0x4a contiki-sky.a(process.o)
 .text.exit_process
                0x00005ac2       0x96 contiki-sky.a(process.o)
 .text.do_poll  0x00005b58       0x30 contiki-sky.a(process.o)
 .text.process_alloc_event
                0x00005b88        0xe contiki-sky.a(process.o)
                0x00005b88                process_alloc_event
 .text.process_init
                0x00005b96       0x1c contiki-sky.a(process.o)
                0x00005b96                process_init
 .text.process_run
                0x00005bb2       0xa2 contiki-sky.a(process.o)
                0x00005bb2                process_run
 .text.process_nevents
                0x00005c54        0xe contiki-sky.a(process.o)
                0x00005c54                process_nevents
 .text.process_post
                0x00005c62       0x54 contiki-sky.a(process.o)
                0x00005c62                process_post
 .text.process_post_synch
                0x00005cb6       0x12 contiki-sky.a(process.o)
                0x00005cb6                process_post_synch
 .text.process_start
                0x00005cc8       0x32 contiki-sky.a(process.o)
                0x00005cc8                process_start
 .text.process_poll
                0x00005cfa       0x18 contiki-sky.a(process.o)
                0x00005cfa                process_poll
 .text.autostart_start
                0x00005d12       0x16 contiki-sky.a(autostart.o)
                0x00005d12                autostart_start
 .text.compower_accumulate
                0x00005d28       0x72 contiki-sky.a(compower.o)
                0x00005d28                compower_accumulate
 .text.compower_clear
                0x00005d9a       0x12 contiki-sky.a(compower.o)
                0x00005d9a                compower_clear
 .text.compower_attrconv
                0x00005dac       0x10 contiki-sky.a(compower.o)
                0x00005dac                compower_attrconv
 .text.process_thread_serial_line_process
                0x00005dbc       0x9c contiki-sky.a(serial-line.o)
 .text.serial_line_input_byte
                0x00005e58       0x4a contiki-sky.a(serial-line.o)
                0x00005e58                serial_line_input_byte
 .text.serial_line_init
                0x00005ea2       0x1c contiki-sky.a(serial-line.o)
                0x00005ea2                serial_line_init
 .text.memb_init
                0x00005ebe       0x36 contiki-sky.a(memb.o)
                0x00005ebe                memb_init
 .text.memb_alloc
                0x00005ef4       0x3e contiki-sky.a(memb.o)
                0x00005ef4                memb_alloc
 .text.memb_free
                0x00005f32       0x3a contiki-sky.a(memb.o)
                0x00005f32                memb_free
 .text.memb_inmemb
                0x00005f6c       0x2e contiki-sky.a(memb.o)
                0x00005f6c                memb_inmemb
 .text.timer_set
                0x00005f9a       0x1c contiki-sky.a(timer.o)
                0x00005f9a                timer_set
 .text.timer_reset
                0x00005fb6        0xe contiki-sky.a(timer.o)
                0x00005fb6                timer_reset
 .text.timer_expired
                0x00005fc4       0x2a contiki-sky.a(timer.o)
                0x00005fc4                timer_expired
 .text.list_init
                0x00005fee        0x6 contiki-sky.a(list.o)
                0x00005fee                list_init
 .text.list_head
                0x00005ff4        0x4 contiki-sky.a(list.o)
                0x00005ff4                list_head
 .text.list_tail
                0x00005ff8       0x12 contiki-sky.a(list.o)
                0x00005ff8                list_tail
 .text.list_remove
                0x0000600a       0x34 contiki-sky.a(list.o)
                0x0000600a                list_remove
 .text.list_push
                0x0000603e       0x1a contiki-sky.a(list.o)
                0x0000603e                list_push
 .text.list_add
                0x00006058       0x2a contiki-sky.a(list.o)
                0x00006058                list_add
 .text.list_length
                0x00006082       0x10 contiki-sky.a(list.o)
                0x00006082                list_length
 .text.list_item_next
                0x00006092        0xc contiki-sky.a(list.o)
                0x00006092                list_item_next
 .text.update_time
                0x0000609e       0x78 contiki-sky.a(etimer.o)
 .text.etimer_request_poll
                0x00006116        0xa contiki-sky.a(etimer.o)
                0x00006116                etimer_request_poll
 .text.process_thread_etimer_process
                0x00006120       0xc8 contiki-sky.a(etimer.o)
 .text.add_timer
                0x000061e8       0x40 contiki-sky.a(etimer.o)
 .text.etimer_set
                0x00006228       0x12 contiki-sky.a(etimer.o)
                0x00006228                etimer_set
 .text.etimer_reset
                0x0000623a       0x12 contiki-sky.a(etimer.o)
                0x0000623a                etimer_reset
 .text.etimer_expired
                0x0000624c        0xe contiki-sky.a(etimer.o)
                0x0000624c                etimer_expired
 .text.etimer_pending
                0x0000625a        0xc contiki-sky.a(etimer.o)
                0x0000625a                etimer_pending
 .text.etimer_next_expiration_time
                0x00006266       0x16 contiki-sky.a(etimer.o)
                0x00006266                etimer_next_expiration_time
 .text.etimer_stop
                0x0000627c       0x3c contiki-sky.a(etimer.o)
                0x0000627c                etimer_stop
 .text.process_thread_ctimer_process
                0x000062b8       0xa4 contiki-sky.a(ctimer.o)
 .text.ctimer_init
                0x0000635c       0x18 contiki-sky.a(ctimer.o)
                0x0000635c                ctimer_init
 .text.ctimer_set
                0x00006374       0x5a contiki-sky.a(ctimer.o)
                0x00006374                ctimer_set
 .text.ctimer_reset
                0x000063ce       0x3a contiki-sky.a(ctimer.o)
                0x000063ce                ctimer_reset
 .text.ctimer_stop
                0x00006408       0x28 contiki-sky.a(ctimer.o)
                0x00006408                ctimer_stop
 .text.energest_init
                0x00006430       0x28 contiki-sky.a(energest.o)
                0x00006430                energest_init
 .text.energest_type_time
                0x00006458       0x46 contiki-sky.a(energest.o)
                0x00006458                energest_type_time
 .text.energest_type_set
                0x0000649e        0xe contiki-sky.a(energest.o)
                0x0000649e                energest_type_set
 .text.energest_flush
                0x000064ac       0x48 contiki-sky.a(energest.o)
                0x000064ac                energest_flush
 .text.rtimer_init
                0x000064f4        0x6 contiki-sky.a(rtimer.o)
                0x000064f4                rtimer_init
 .text.rtimer_set
                0x000064fa       0x24 contiki-sky.a(rtimer.o)
                0x000064fa                rtimer_set
 .text.rtimer_run_next
                0x0000651e       0x26 contiki-sky.a(rtimer.o)
                0x0000651e                rtimer_run_next
 .text.random_init
                0x00006544        0x6 contiki-sky.a(random.o)
                0x00006544                random_init
 .text.random_rand
                0x0000654a        0x6 contiki-sky.a(random.o)
                0x0000654a                random_rand
 .text.ringbuf_init
                0x00006550       0x14 contiki-sky.a(ringbuf.o)
                0x00006550                ringbuf_init
 .text.ringbuf_put
                0x00006564       0x38 contiki-sky.a(ringbuf.o)
                0x00006564                ringbuf_put
 .text.ringbuf_get
                0x0000659c       0x32 contiki-sky.a(ringbuf.o)
                0x0000659c                ringbuf_get
 .text.index_from_key
                0x000065ce       0x40 contiki-sky.a(nbr-table.o)
 .text.item_from_key
                0x0000660e       0x34 contiki-sky.a(nbr-table.o)
 .text.nbr_set_bit
                0x00006642       0x8e contiki-sky.a(nbr-table.o)
 .text.index_from_lladdr
                0x000066d0       0x42 contiki-sky.a(nbr-table.o)
 .text.nbr_get_bit.constprop.0
                0x00006712       0x62 contiki-sky.a(nbr-table.o)
 .text.nbr_table_register
                0x00006774       0x28 contiki-sky.a(nbr-table.o)
                0x00006774                nbr_table_register
 .text.nbr_table_add_lladdr
                0x0000679c      0x144 contiki-sky.a(nbr-table.o)
                0x0000679c                nbr_table_add_lladdr
 .text.nbr_table_get_from_lladdr
                0x000068e0       0x48 contiki-sky.a(nbr-table.o)
                0x000068e0                nbr_table_get_from_lladdr
 .text.nbr_table_remove
                0x00006928       0x32 contiki-sky.a(nbr-table.o)
                0x00006928                nbr_table_remove
 .text.packetbuf_copyto_hdr
                0x0000695a       0x1c contiki-sky.a(packetbuf.o)
                0x0000695a                packetbuf_copyto_hdr
 .text.packetbuf_copyto
                0x00006976       0x52 contiki-sky.a(packetbuf.o)
                0x00006976                packetbuf_copyto
 .text.packetbuf_hdr_remove
                0x000069c8        0x6 contiki-sky.a(packetbuf.o)
                0x000069c8                packetbuf_hdr_remove
 .text.packetbuf_hdrreduce
                0x000069ce       0x1a contiki-sky.a(packetbuf.o)
                0x000069ce                packetbuf_hdrreduce
 .text.packetbuf_set_datalen
                0x000069e8        0x6 contiki-sky.a(packetbuf.o)
                0x000069e8                packetbuf_set_datalen
 .text.packetbuf_dataptr
                0x000069ee        0xe contiki-sky.a(packetbuf.o)
                0x000069ee                packetbuf_dataptr
 .text.packetbuf_hdrptr
                0x000069fc        0xa contiki-sky.a(packetbuf.o)
                0x000069fc                packetbuf_hdrptr
 .text.packetbuf_is_reference
                0x00006a06        0xe contiki-sky.a(packetbuf.o)
                0x00006a06                packetbuf_is_reference
 .text.packetbuf_compact
                0x00006a14       0x48 contiki-sky.a(packetbuf.o)
                0x00006a14                packetbuf_compact
 .text.packetbuf_reference_ptr
                0x00006a5c        0x6 contiki-sky.a(packetbuf.o)
                0x00006a5c                packetbuf_reference_ptr
 .text.packetbuf_datalen
                0x00006a62        0x6 contiki-sky.a(packetbuf.o)
                0x00006a62                packetbuf_datalen
 .text.packetbuf_totlen
                0x00006a68       0x10 contiki-sky.a(packetbuf.o)
                0x00006a68                packetbuf_totlen
 .text.packetbuf_hdralloc
                0x00006a78       0x2e contiki-sky.a(packetbuf.o)
                0x00006a78                packetbuf_hdralloc
 .text.packetbuf_attr_clear
                0x00006aa6       0x2c contiki-sky.a(packetbuf.o)
                0x00006aa6                packetbuf_attr_clear
 .text.packetbuf_clear
                0x00006ad2       0x1a contiki-sky.a(packetbuf.o)
                0x00006ad2                packetbuf_clear
 .text.packetbuf_copyfrom
                0x00006aec       0x2e contiki-sky.a(packetbuf.o)
                0x00006aec                packetbuf_copyfrom
 .text.packetbuf_attr_copyto
                0x00006b1a       0x20 contiki-sky.a(packetbuf.o)
                0x00006b1a                packetbuf_attr_copyto
 .text.packetbuf_attr_copyfrom
                0x00006b3a       0x22 contiki-sky.a(packetbuf.o)
                0x00006b3a                packetbuf_attr_copyfrom
 .text.queuebuf_init
                0x00006b5c       0x1a contiki-sky.a(queuebuf.o)
                0x00006b5c                queuebuf_init
 .text.queuebuf_new_from_packetbuf
                0x00006b76       0x7e contiki-sky.a(queuebuf.o)
                0x00006b76                queuebuf_new_from_packetbuf
 .text.queuebuf_update_attr_from_packetbuf
                0x00006bf4       0x12 contiki-sky.a(queuebuf.o)
                0x00006bf4                queuebuf_update_attr_from_packetbuf
 .text.queuebuf_free
                0x00006c06       0x40 contiki-sky.a(queuebuf.o)
                0x00006c06                queuebuf_free
 .text.queuebuf_to_packetbuf
                0x00006c46       0x6e contiki-sky.a(queuebuf.o)
                0x00006c46                queuebuf_to_packetbuf
 .text.queuebuf_attr
                0x00006cb4        0xe contiki-sky.a(queuebuf.o)
                0x00006cb4                queuebuf_attr
 .text.init_platform
                0x00006cc2        0xc contiki-sky.a(contiki-sky-pla)
                0x00006cc2                init_platform
 .text.status   0x00006cce       0x16 contiki-sky.a(button-sensor.o)
 .text.configure
                0x00006ce4       0x52 contiki-sky.a(button-sensor.o)
 .text.value    0x00006d36       0x22 contiki-sky.a(button-sensor.o)
 .text.irq_p2   0x00006d58       0x8a contiki-sky.a(button-sensor.o)
                0x00006d58                irq_p2
                0x00006d58                __isr_1
 .text.owreadb  0x00006de2       0x52 contiki-sky.a(ds2411.o)
 .text.ds2411_init
                0x00006e34      0x122 contiki-sky.a(ds2411.o)
                0x00006e34                ds2411_init
 .text.wait_ready
                0x00006f56       0x50 contiki-sky.a(xmem.o)
 .text.xmem_init
                0x00006fa6       0x3e contiki-sky.a(xmem.o)
                0x00006fa6                xmem_init
 .text.xmem_pread
                0x00006fe4       0xea contiki-sky.a(xmem.o)
                0x00006fe4                xmem_pread
 .text.node_id_restore
                0x000070ce       0x38 contiki-sky.a(node-id.o)
                0x000070ce                node_id_restore
 .text.process_thread_sensors_process
                0x00007106       0xbe contiki-sky.a(sensors.o)
 .text.sensors_changed
                0x000071c4       0x2a contiki-sky.a(sensors.o)
                0x000071c4                sensors_changed
 .text.strobe   0x000071ee       0x20 contiki-sky.a(cc2420.o)
 .text.status   0x0000720e       0x26 contiki-sky.a(cc2420.o)
 .text.getreg   0x00007234       0x54 contiki-sky.a(cc2420.o)
 .text.setreg   0x00007288       0x52 contiki-sky.a(cc2420.o)
 .text.set_txpower
                0x000072da       0x26 contiki-sky.a(cc2420.o)
 .text.cc2420_receiving_packet
                0x00007300        0xe contiki-sky.a(cc2420.o)
 .text.pending_packet
                0x0000730e        0x8 contiki-sky.a(cc2420.o)
 .text.on       0x00007316       0x40 contiki-sky.a(cc2420.o)
 .text.flushrx  0x00007356       0x7a contiki-sky.a(cc2420.o)
 .text.off      0x000073d0       0x72 contiki-sky.a(cc2420.o)
 .text.RELEASE_LOCK
                0x00007442       0x28 contiki-sky.a(cc2420.o)
 .text.cc2420_prepare
                0x0000746a       0x8a contiki-sky.a(cc2420.o)
 .text.getrxdata
                0x000074f4       0x56 contiki-sky.a(cc2420.o)
 .text.cc2420_on
                0x0000754a       0x22 contiki-sky.a(cc2420.o)
                0x0000754a                cc2420_on
 .text.cc2420_off
                0x0000756c       0x30 contiki-sky.a(cc2420.o)
                0x0000756c                cc2420_off
 .text.cc2420_cca
                0x0000759c       0x74 contiki-sky.a(cc2420.o)
 .text.cc2420_read
                0x00007610       0xe6 contiki-sky.a(cc2420.o)
 .text.process_thread_cc2420_process
                0x000076f6       0x50 contiki-sky.a(cc2420.o)
 .text.cc2420_set_channel
                0x00007746       0x78 contiki-sky.a(cc2420.o)
                0x00007746                cc2420_set_channel
 .text.cc2420_set_pan_addr
                0x000077be      0x14a contiki-sky.a(cc2420.o)
                0x000077be                cc2420_set_pan_addr
 .text.cc2420_init
                0x00007908       0xd0 contiki-sky.a(cc2420.o)
                0x00007908                cc2420_init
 .text.cc2420_interrupt
                0x000079d8       0x20 contiki-sky.a(cc2420.o)
                0x000079d8                cc2420_interrupt
 .text.cc2420_get_txpower
                0x000079f8       0x1e contiki-sky.a(cc2420.o)
                0x000079f8                cc2420_get_txpower
 .text.cc2420_transmit
                0x00007a16      0x1a0 contiki-sky.a(cc2420.o)
 .text.cc2420_send
                0x00007bb6       0x12 contiki-sky.a(cc2420.o)
 .text.cc2420_port1_interrupt
                0x00007bc8       0x62 contiki-sky.a(cc2420-arch.o)
                0x00007bc8                __isr_4
                0x00007bc8                cc2420_port1_interrupt
 .text.cc2420_arch_init
                0x00007c2a       0x1a contiki-sky.a(cc2420-arch.o)
                0x00007c2a                cc2420_arch_init
 .text.handle_rxdma_timer
                0x00007c44       0x3a contiki-sky.a(uart1.o)
 .text.uart1_active
                0x00007c7e       0x1a contiki-sky.a(uart1.o)
                0x00007c7e                uart1_active
 .text.uart1_set_input
                0x00007c98       0x20 contiki-sky.a(uart1.o)
                0x00007c98                uart1_set_input
 .text.uart1_writeb
                0x00007cb8       0x1a contiki-sky.a(uart1.o)
                0x00007cb8                uart1_writeb
 .text.uart1_init
                0x00007cd2       0xf6 contiki-sky.a(uart1.o)
                0x00007cd2                uart1_init
 .text.putchar  0x00007dc8       0x10 contiki-sky.a(uart1-putchar.o)
                0x00007dc8                putchar
 .text.msp430_init_dco
                0x00007dd8       0x84 contiki-sky.a(msp430.o)
                0x00007dd8                msp430_init_dco
 .text.msp430_add_lpm_req
                0x00007e5c        0xc contiki-sky.a(msp430.o)
                0x00007e5c                msp430_add_lpm_req
 .text.msp430_cpu_init
                0x00007e68       0x2a contiki-sky.a(msp430.o)
                0x00007e68                msp430_cpu_init
 .text.splhigh_
                0x00007e92        0x8 contiki-sky.a(msp430.o)
                0x00007e92                splhigh_
 .text.msp430_sync_dco
                0x00007e9a       0x68 contiki-sky.a(msp430.o)
                0x00007e9a                msp430_sync_dco
 .text.timera1  0x00007f02       0xfe contiki-sky.a(clock.o)
                0x00007f02                __isr_5
                0x00007f02                timera1
 .text.clock_time
                0x00008000       0x1a contiki-sky.a(clock.o)
                0x00008000                clock_time
 .text.clock_init
                0x0000801a       0x28 contiki-sky.a(clock.o)
                0x0000801a                clock_init
 .text.clock_delay
                0x00008042        0xc contiki-sky.a(clock.o)
                0x00008042                clock_delay
 .text.show_leds
                0x0000804e      0x100 contiki-sky.a(leds.o)
 .text.leds_init
                0x0000814e        0xe contiki-sky.a(leds.o)
                0x0000814e                leds_init
 .text.leds_on  0x0000815c       0x14 contiki-sky.a(leds.o)
                0x0000815c                leds_on
 .text.leds_off
                0x00008170       0x14 contiki-sky.a(leds.o)
                0x00008170                leds_off
 .text.leds_invert
                0x00008184        0xa contiki-sky.a(leds.o)
                0x00008184                leds_invert
 .text.leds_toggle
                0x0000818e        0x6 contiki-sky.a(leds.o)
                0x0000818e                leds_toggle
 .text.leds_arch_init
                0x00008194        0xe contiki-sky.a(leds-arch.o)
                0x00008194                leds_arch_init
 .text.leds_arch_set
                0x000081a2       0x3a contiki-sky.a(leds-arch.o)
                0x000081a2                leds_arch_set
 .text.watchdog_interrupt
                0x000081dc        0x6 contiki-sky.a(watchdog.o)
                0x000081dc                __isr_10
                0x000081dc                watchdog_interrupt
 .text.watchdog_start
                0x000081e2       0x14 contiki-sky.a(watchdog.o)
                0x000081e2                watchdog_start
 .text.watchdog_periodic
                0x000081f6       0x12 contiki-sky.a(watchdog.o)
                0x000081f6                watchdog_periodic
 .text.watchdog_stop
                0x00008208       0x16 contiki-sky.a(watchdog.o)
                0x00008208                watchdog_stop
 .text.watchdog_init
                0x0000821e       0x14 contiki-sky.a(watchdog.o)
                0x0000821e                watchdog_init
 .text.rtimer_arch_init
                0x00008232        0xe contiki-sky.a(rtimer-arch.o)
                0x00008232                rtimer_arch_init
 .text.rtimer_arch_now
                0x00008240        0xe contiki-sky.a(rtimer-arch.o)
                0x00008240                rtimer_arch_now
 .text.timera0  0x0000824e       0x70 contiki-sky.a(rtimer-arch.o)
                0x0000824e                __isr_6
                0x0000824e                timera0
 .text.rtimer_arch_schedule
                0x000082be        0x6 contiki-sky.a(rtimer-arch.o)
                0x000082be                rtimer_arch_schedule
 .text.mac_call_sent_callback
                0x000082c4       0x14 contiki-sky.a(mac.o)
                0x000082c4                mac_call_sent_callback
 .text.parse    0x000082d8       0xaa contiki-sky.a(framer-802154.o)
 .text.create   0x00008382      0x10a contiki-sky.a(framer-802154.o)
 .text.spi_init
                0x0000848c       0x32 contiki-sky.a(spi.o)
                0x0000848c                spi_init
 .text.field_len
                0x000084be       0x98 contiki-sky.a(frame802154.o)
 .text.frame802154_hdrlen
                0x00008556       0x2e contiki-sky.a(frame802154.o)
                0x00008556                frame802154_hdrlen
 .text.frame802154_create
                0x00008584      0x172 contiki-sky.a(frame802154.o)
                0x00008584                frame802154_create
 .text.frame802154_parse
                0x000086f6      0x1e8 contiki-sky.a(frame802154.o)
                0x000086f6                frame802154_parse
 .text.libgcc   0x000088de       0x2c /usr/lib/gcc/msp430/4.6.3/mmpy-16/libgcc.a(_mulsi3.o)
                0x000088de                __mulsi3
 .text.libgcc   0x0000890a       0x22 /usr/lib/gcc/msp430/4.6.3/mmpy-16/libgcc.a(_udivmod16.o)
                0x0000890a                __udivhi3
                0x0000890a                __ext_udivmod16
                0x00008924                __umodhi3
 .text.libgcc   0x0000892c       0x3a /usr/lib/gcc/msp430/4.6.3/mmpy-16/libgcc.a(_divmod16.o)
                0x0000892c                __ext_divmod16
                0x0000892c                __divhi3
                0x0000895e                __modhi3
 .text.libgcc   0x00008966       0x40 /usr/lib/gcc/msp430/4.6.3/mmpy-16/libgcc.a(_udivmod32.o)
                0x00008966                __udivsi3
                0x00008966                __ext_udivmod32
                0x0000899c                __umodsi3
 .text          0x000089a6       0x12 /usr/lib/gcc/msp430/4.6.3/../../../../msp430/lib/mmpy-16/libc.a(strchr.o)
                0x000089a6                strchr
 .text          0x000089b8       0x20 /usr/lib/gcc/msp430/4.6.3/../../../../msp430/lib/mmpy-16/libc.a(memcmp.o)
                0x000089b8                memcmp
 .text          0x000089d8       0xfa /usr/lib/gcc/msp430/4.6.3/../../../../msp430/lib/mmpy-16/libc.a(memcpy.o)
                0x000089d8                memcpy
 .text          0x00008ad2       0x6a /usr/lib/gcc/msp430/4.6.3/../../../../msp430/lib/mmpy-16/libc.a(memset.o)
                0x00008ad2                memset
 .text          0x00008b3c       0x1e /usr/lib/gcc/msp430/4.6.3/../../../../msp430/lib/mmpy-16/libc.a(printf.o)
                0x00008b3c                printf
                0x00008b4c                vprintf
 .text          0x00008b5a       0xbc /usr/lib/gcc/msp430/4.6.3/../../../../msp430/lib/mmpy-16/libc.a(sprintf.o)
                0x00008bb8                sprintf
                0x00008bd4                snprintf
                0x00008bee                vsprintf
                0x00008c04                vsnprintf
 .text          0x00008c16      0x836 /usr/lib/gcc/msp430/4.6.3/../../../../msp430/lib/mmpy-16/libc.a(vuprintf.o)
                0x00008dae                vuprintf
 .text          0x0000944c       0x2c /usr/lib/gcc/msp430/4.6.3/../../../../msp430/lib/mmpy-16/libc.a(puts.o)
                0x0000944c                puts
 .text          0x00009478       0x54 /usr/lib/gcc/msp430/4.6.3/../../../../msp430/lib/mmpy-16/libc.a(rand.o)
                0x00009478                rand_r
                0x0000949c                rand
                0x000094c2                srand
 .text.libgcc   0x000094cc       0xf0 /usr/lib/gcc/msp430/4.6.3/mmpy-16/libgcc.a(_udivmod64.o)
                0x000094cc                __xabi_udivmod64
                0x0000952a                __udivdi3
                0x00009550                __umoddi3
                0x0000957e                __udivmoddi4
 .text.crt0     0x000095bc        0x2 /usr/lib/gcc/msp430/4.6.3/mmpy-16/libcrt0.a(_unexpected_.o)
                0x000095bc                _unexpected_
                0x000095be                . = ALIGN (0x2)

.rodata         0x000095be      0x296
                0x000095be                . = ALIGN (0x2)
 *(.rodata .rodata.* .gnu.linkonce.r.*)
 .rodata        0x000095be       0xea assignment1.co
                0x00009690                autostart_processes
 .rodata        0x000096a8       0xd4 obj_sky/contiki-sky-main.o
 .rodata        0x0000977c        0x2 contiki-sky.a(rimeaddr.o)
                0x0000977c                rimeaddr_null
 .rodata        0x0000977e        0xc contiki-sky.a(rime.o)
                0x00009784                rime_driver
 .rodata        0x0000978a        0x4 contiki-sky.a(broadcast-annou)
 .rodata        0x0000978e        0x8 contiki-sky.a(broadcast.o)
 .rodata        0x00009796        0xa contiki-sky.a(unicast.o)
 .rodata        0x000097a0        0x2 contiki-sky.a(abc.o)
 .rodata        0x000097a2       0x10 contiki-sky.a(chameleon-bitop)
                0x000097a2                chameleon_bitopt
 .rodata        0x000097b2       0x14 contiki-sky.a(csma.o)
                0x000097b8                csma_driver
 .rodata        0x000097c6       0x1c contiki-sky.a(contikimac.o)
                0x000097d2                contikimac_driver
 .rodata        0x000097e2        0xe contiki-sky.a(serial-line.o)
 .rodata        0x000097f0        0xc contiki-sky.a(etimer.o)
 .rodata        0x000097fc        0xf contiki-sky.a(ctimer.o)
 *fill*         0x0000980b        0x1 00
 .rodata        0x0000980c       0x10 contiki-sky.a(button-sensor.o)
                0x00009814                button_sensor
 .rodata        0x0000981c        0x8 contiki-sky.a(sensors.o)
 .rodata        0x00009824       0x22 contiki-sky.a(cc2420.o)
                0x00009824                cc2420_driver
 .rodata        0x00009846        0x4 contiki-sky.a(framer-802154.o)
                0x00009846                framer_802154
 .rodata        0x0000984a        0x2 contiki-sky.a(frame802154.o)
 .rodata        0x0000984c        0x7 /usr/lib/gcc/msp430/4.6.3/../../../../msp430/lib/mmpy-16/libc.a(vuprintf.o)
                0x00009854                . = ALIGN (0x2)
 *fill*         0x00009853        0x1 00
                0x00009854                _etext = .

.data           0x00001100       0x8e load address 0x00009854
                0x00001100                . = ALIGN (0x2)
                0x00001100                PROVIDE (__data_start, .)
 *(.data .data.* .gnu.linkonce.d.*)
 .data          0x00001100        0xa assignment1.co
                0x00001100                example_unicast_process
 .data          0x0000110a       0x18 contiki-sky.a(csma.o)
 .data          0x00001122       0x10 contiki-sky.a(phase.o)
 .data          0x00001132        0xa contiki-sky.a(serial-line.o)
                0x00001132                serial_line_process
 .data          0x0000113c        0xa contiki-sky.a(etimer.o)
                0x0000113c                etimer_process
 .data          0x00001146        0xa contiki-sky.a(ctimer.o)
                0x00001146                ctimer_process
 .data          0x00001150        0x8 contiki-sky.a(nbr-table.o)
 .data          0x00001158       0x18 contiki-sky.a(queuebuf.o)
 .data          0x00001170        0x4 contiki-sky.a(contiki-sky-pla)
                0x00001170                sensors
 .data          0x00001174        0xa contiki-sky.a(sensors.o)
                0x00001174                sensors_process
 .data          0x0000117e        0xa contiki-sky.a(cc2420.o)
                0x0000117e                cc2420_process
 .data          0x00001188        0x2 contiki-sky.a(msp430.o)
 .data          0x0000118a        0x4 /usr/lib/gcc/msp430/4.6.3/../../../../msp430/lib/mmpy-16/libc.a(rand.o)
                0x0000118e                . = ALIGN (0x2)
                0x0000118e                _edata = .
                0x00009854                PROVIDE (__data_load_start, LOADADDR (.data))
                0x0000008e                PROVIDE (__data_size, SIZEOF (.data))

.bss            0x0000118e     0x1398 load address 0x000098e2
                0x0000118e                PROVIDE (__bss_start, .)
 *(.bss .bss.*)
 .bss           0x0000118e       0x20 assignment1.co
                0x0000118e                i
                0x00001190                PACKETS_SENT
                0x00001192                PACKETS_RECVD
 .bss           0x000011ae        0xc obj_sky/contiki-sky-main.o
 .bss           0x000011ba        0x2 contiki-sky.a(rime.o)
 .bss           0x000011bc        0x6 contiki-sky.a(announcement.o)
 .bss           0x000011c2       0x46 contiki-sky.a(broadcast-annou)
 .bss           0x00001208        0x2 contiki-sky.a(channel.o)
 .bss           0x0000120a      0x126 contiki-sky.a(csma.o)
 .bss           0x00001330       0x74 contiki-sky.a(contikimac.o)
 .bss           0x000013a4      0x148 contiki-sky.a(phase.o)
 .bss           0x000014ec       0x42 contiki-sky.a(process.o)
                0x000014ec                process_current
                0x000014ee                process_list
 .bss           0x0000152e        0x8 contiki-sky.a(compower.o)
 .bss           0x00001536      0x10a contiki-sky.a(serial-line.o)
 .bss           0x00001640        0x6 contiki-sky.a(etimer.o)
 .bss           0x00001646        0x4 contiki-sky.a(ctimer.o)
 .bss           0x0000164a        0x2 contiki-sky.a(rtimer.o)
 .bss           0x0000164c       0x4c contiki-sky.a(nbr-table.o)
 .bss           0x00001698       0xba contiki-sky.a(packetbuf.o)
 .bss           0x00001752      0xc4e contiki-sky.a(queuebuf.o)
 .bss           0x000023a0        0x8 contiki-sky.a(button-sensor.o)
 .bss           0x000023a8        0x2 contiki-sky.a(node-id.o)
                0x000023a8                node_id
 .bss           0x000023aa        0x6 contiki-sky.a(sensors.o)
 .bss           0x000023b0        0xa contiki-sky.a(cc2420.o)
 .bss           0x000023ba       0x9a contiki-sky.a(uart1.o)
 .bss           0x00002454        0xa contiki-sky.a(clock.o)
 .bss           0x0000245e        0x2 contiki-sky.a(leds.o)
 .bss           0x00002460        0x2 contiki-sky.a(watchdog.o)
 .bss           0x00002462        0x2 contiki-sky.a(framer-802154.o)
 .bss           0x00002464        0x4 /usr/lib/gcc/msp430/4.6.3/../../../../msp430/lib/mmpy-16/libc.a(sprintf.o)
 *(COMMON)
 COMMON         0x00002468        0x2 contiki-sky.a(rimeaddr.o)
                0x00002468                rimeaddr_node_addr
 COMMON         0x0000246a        0x1 contiki-sky.a(process.o)
                0x0000246a                process_maxevents
 *fill*         0x0000246b        0x1 00
 COMMON         0x0000246c        0x8 contiki-sky.a(compower.o)
                0x0000246c                compower_idle_activity
 COMMON         0x00002474        0x1 contiki-sky.a(serial-line.o)
                0x00002474                serial_line_event_message
 *fill*         0x00002475        0x1 00
 COMMON         0x00002476       0x56 contiki-sky.a(energest.o)
                0x00002476                energest_total_time
                0x000024a6                energest_total_count
                0x000024a8                energest_current_mode
                0x000024b4                energest_current_time
 COMMON         0x000024cc       0x38 contiki-sky.a(packetbuf.o)
                0x000024cc                packetbuf_addrs
                0x000024d4                packetbuf_attrs
 COMMON         0x00002504        0x2 contiki-sky.a(contiki-sky-pla)
                0x00002504                sensors_flags
 COMMON         0x00002506        0x8 contiki-sky.a(ds2411.o)
                0x00002506                ds2411_id
 COMMON         0x0000250e        0x1 contiki-sky.a(sensors.o)
                0x0000250e                sensors_event
 *fill*         0x0000250f        0x1 00
 COMMON         0x00002510       0x14 contiki-sky.a(cc2420.o)
                0x00002510                cc2420_last_rssi
                0x00002512                cc2420_packets_read
                0x00002514                cc2420_packets_seen
                0x00002516                cc2420_sfd_start_time
                0x00002518                cc2420_time_of_departure
                0x0000251a                cc2420_time_of_arrival
                0x0000251c                cc2420_last_correlation
                0x0000251e                cc2420_authority_level_of_sender
                0x00002520                cc2420_sfd_counter
                0x00002522                cc2420_sfd_end_time
 COMMON         0x00002524        0x2 contiki-sky.a(msp430.o)
                0x00002524                msp430_dco_required
                0x00002526                . = ALIGN (0x2)
                0x00002526                PROVIDE (__bss_end, .)
                0x00001398                PROVIDE (__bss_size, SIZEOF (.bss))

.noinit         0x00002526        0x2 load address 0x000098e2
                0x00002526                PROVIDE (__noinit_start, .)
 *(.noinit .noinit.*)
 .noinit.crt0   0x00002526        0x2 /usr/lib/gcc/msp430/4.6.3/mmpy-16/libcrt0.a(__watchdog_support.o)
                0x00002526                __wdt_clear_value
                0x00002528                . = ALIGN (0x2)
                0x00002528                PROVIDE (__noinit_end, .)
                0x00002528                . = ALIGN (0x2)
                0x00002528                _end = .

.infomem        0x00001000        0x0
 *(.infomem)
                0x00001000                . = ALIGN (0x2)
 *(.infomem.*)

.infomemnobits  0x00001000        0x0
 *(.infomemnobits)
                0x00001000                . = ALIGN (0x2)
 *(.infomemnobits.*)

.infoa
 *(.infoa .infoa.*)

.infob
 *(.infob .infob.*)

.infoc
 *(.infoc .infoc.*)

.infod
 *(.infod .infod.*)

.vectors        0x0000ffe0       0x20
                0x0000ffe0                PROVIDE (__vectors_start, .)
 *(.vectors*)
 .vectors       0x0000ffe0       0x20 /usr/lib/gcc/msp430/4.6.3/mmpy-16/crt0ivtbl16.o
                0x0000ffe0                __ivtbl_16
                0x00010000                _vectors_end = .

.fartext        0x00000000        0x0
                0x00000000                . = ALIGN (0x2)
 *(.fartext)
                0x00000000                . = ALIGN (0x2)
 *(.fartext.*)
                0x00000000                _efartext = .

.profiler
 *(.profiler)

.stab
 *(.stab)

.stabstr
 *(.stabstr)

.stab.excl
 *(.stab.excl)

.stab.exclstr
 *(.stab.exclstr)

.stab.index
 *(.stab.index)

.stab.indexstr
 *(.stab.indexstr)

.comment
 *(.comment)

.debug
 *(.debug)

.line
 *(.line)

.debug_srcinfo
 *(.debug_srcinfo)

.debug_sfnames
 *(.debug_sfnames)

.debug_aranges  0x00000000      0x1a4
 *(.debug_aranges)
 .debug_aranges
                0x00000000       0x14 /usr/lib/gcc/msp430/4.6.3/mmpy-16/libgcc.a(_mulsi3.o)
 .debug_aranges
                0x00000014       0x14 /usr/lib/gcc/msp430/4.6.3/mmpy-16/libgcc.a(_udivmod16.o)
 .debug_aranges
                0x00000028       0x14 /usr/lib/gcc/msp430/4.6.3/mmpy-16/libgcc.a(_divmod16.o)
 .debug_aranges
                0x0000003c       0x14 /usr/lib/gcc/msp430/4.6.3/mmpy-16/libgcc.a(_udivmod32.o)
 .debug_aranges
                0x00000050       0x14 /usr/lib/gcc/msp430/4.6.3/../../../../msp430/lib/mmpy-16/libc.a(strchr.o)
 .debug_aranges
                0x00000064       0x14 /usr/lib/gcc/msp430/4.6.3/../../../../msp430/lib/mmpy-16/libc.a(strncmp.o)
 .debug_aranges
                0x00000078       0x14 /usr/lib/gcc/msp430/4.6.3/../../../../msp430/lib/mmpy-16/libc.a(memcmp.o)
 .debug_aranges
                0x0000008c       0x14 /usr/lib/gcc/msp430/4.6.3/../../../../msp430/lib/mmpy-16/libc.a(memcpy.o)
 .debug_aranges
                0x000000a0       0x14 /usr/lib/gcc/msp430/4.6.3/../../../../msp430/lib/mmpy-16/libc.a(memset.o)
 .debug_aranges
                0x000000b4       0x14 /usr/lib/gcc/msp430/4.6.3/../../../../msp430/lib/mmpy-16/libc.a(printf.o)
 .debug_aranges
                0x000000c8       0x14 /usr/lib/gcc/msp430/4.6.3/../../../../msp430/lib/mmpy-16/libc.a(sprintf.o)
 .debug_aranges
                0x000000dc       0x14 /usr/lib/gcc/msp430/4.6.3/../../../../msp430/lib/mmpy-16/libc.a(vuprintf.o)
 .debug_aranges
                0x000000f0       0x14 /usr/lib/gcc/msp430/4.6.3/../../../../msp430/lib/mmpy-16/libc.a(puts.o)
 .debug_aranges
                0x00000104       0x14 /usr/lib/gcc/msp430/4.6.3/../../../../msp430/lib/mmpy-16/libc.a(rand.o)
 .debug_aranges
                0x00000118       0x14 /usr/lib/gcc/msp430/4.6.3/mmpy-16/libgcc.a(_udivmod64.o)
 .debug_aranges
                0x0000012c       0x14 /usr/lib/gcc/msp430/4.6.3/mmpy-16/libcrt0.a(__watchdog_support.o)
 .debug_aranges
                0x00000140       0x14 /usr/lib/gcc/msp430/4.6.3/mmpy-16/libcrt0.a(__init_stack.o)
 .debug_aranges
                0x00000154       0x14 /usr/lib/gcc/msp430/4.6.3/mmpy-16/libcrt0.a(_copy_data.o)
 .debug_aranges
                0x00000168       0x14 /usr/lib/gcc/msp430/4.6.3/mmpy-16/libcrt0.a(_clear_bss.o)
 .debug_aranges
                0x0000017c       0x14 /usr/lib/gcc/msp430/4.6.3/mmpy-16/libcrt0.a(_endless_loop__.o)
 .debug_aranges
                0x00000190       0x14 /usr/lib/gcc/msp430/4.6.3/mmpy-16/libcrt0.a(_unexpected_.o)

.debug_pubnames
 *(.debug_pubnames)

.debug_info     0x00000000     0x178f
 *(.debug_info)
 .debug_info    0x00000000       0xd6 /usr/lib/gcc/msp430/4.6.3/mmpy-16/libgcc.a(_mulsi3.o)
 .debug_info    0x000000d6       0xd6 /usr/lib/gcc/msp430/4.6.3/mmpy-16/libgcc.a(_udivmod16.o)
 .debug_info    0x000001ac       0xd6 /usr/lib/gcc/msp430/4.6.3/mmpy-16/libgcc.a(_divmod16.o)
 .debug_info    0x00000282       0xd6 /usr/lib/gcc/msp430/4.6.3/mmpy-16/libgcc.a(_udivmod32.o)
 .debug_info    0x00000358       0xa7 /usr/lib/gcc/msp430/4.6.3/../../../../msp430/lib/mmpy-16/libc.a(strchr.o)
 .debug_info    0x000003ff       0xbb /usr/lib/gcc/msp430/4.6.3/../../../../msp430/lib/mmpy-16/libc.a(strncmp.o)
 .debug_info    0x000004ba       0xe8 /usr/lib/gcc/msp430/4.6.3/../../../../msp430/lib/mmpy-16/libc.a(memcmp.o)
 .debug_info    0x000005a2      0x113 /usr/lib/gcc/msp430/4.6.3/../../../../msp430/lib/mmpy-16/libc.a(memcpy.o)
 .debug_info    0x000006b5       0xfe /usr/lib/gcc/msp430/4.6.3/../../../../msp430/lib/mmpy-16/libc.a(memset.o)
 .debug_info    0x000007b3      0x105 /usr/lib/gcc/msp430/4.6.3/../../../../msp430/lib/mmpy-16/libc.a(printf.o)
 .debug_info    0x000008b8      0x277 /usr/lib/gcc/msp430/4.6.3/../../../../msp430/lib/mmpy-16/libc.a(sprintf.o)
 .debug_info    0x00000b2f      0x565 /usr/lib/gcc/msp430/4.6.3/../../../../msp430/lib/mmpy-16/libc.a(vuprintf.o)
 .debug_info    0x00001094       0x96 /usr/lib/gcc/msp430/4.6.3/../../../../msp430/lib/mmpy-16/libc.a(puts.o)
 .debug_info    0x0000112a      0x13f /usr/lib/gcc/msp430/4.6.3/../../../../msp430/lib/mmpy-16/libc.a(rand.o)
 .debug_info    0x00001269       0xd6 /usr/lib/gcc/msp430/4.6.3/mmpy-16/libgcc.a(_udivmod64.o)
 .debug_info    0x0000133f       0xb8 /usr/lib/gcc/msp430/4.6.3/mmpy-16/libcrt0.a(__watchdog_support.o)
 .debug_info    0x000013f7       0xb8 /usr/lib/gcc/msp430/4.6.3/mmpy-16/libcrt0.a(__init_stack.o)
 .debug_info    0x000014af       0xb8 /usr/lib/gcc/msp430/4.6.3/mmpy-16/libcrt0.a(_copy_data.o)
 .debug_info    0x00001567       0xb8 /usr/lib/gcc/msp430/4.6.3/mmpy-16/libcrt0.a(_clear_bss.o)
 .debug_info    0x0000161f       0xb8 /usr/lib/gcc/msp430/4.6.3/mmpy-16/libcrt0.a(_endless_loop__.o)
 .debug_info    0x000016d7       0xb8 /usr/lib/gcc/msp430/4.6.3/mmpy-16/libcrt0.a(_unexpected_.o)
 *(.gnu.linkonce.wi.*)

.debug_abbrev   0x00000000      0x8a9
 *(.debug_abbrev)
 .debug_abbrev  0x00000000       0x14 /usr/lib/gcc/msp430/4.6.3/mmpy-16/libgcc.a(_mulsi3.o)
 .debug_abbrev  0x00000014       0x14 /usr/lib/gcc/msp430/4.6.3/mmpy-16/libgcc.a(_udivmod16.o)
 .debug_abbrev  0x00000028       0x14 /usr/lib/gcc/msp430/4.6.3/mmpy-16/libgcc.a(_divmod16.o)
 .debug_abbrev  0x0000003c       0x14 /usr/lib/gcc/msp430/4.6.3/mmpy-16/libgcc.a(_udivmod32.o)
 .debug_abbrev  0x00000050       0x6f /usr/lib/gcc/msp430/4.6.3/../../../../msp430/lib/mmpy-16/libc.a(strchr.o)
 .debug_abbrev  0x000000bf       0x7c /usr/lib/gcc/msp430/4.6.3/../../../../msp430/lib/mmpy-16/libc.a(strncmp.o)
 .debug_abbrev  0x0000013b       0x9b /usr/lib/gcc/msp430/4.6.3/../../../../msp430/lib/mmpy-16/libc.a(memcmp.o)
 .debug_abbrev  0x000001d6       0x97 /usr/lib/gcc/msp430/4.6.3/../../../../msp430/lib/mmpy-16/libc.a(memcpy.o)
 .debug_abbrev  0x0000026d       0x9c /usr/lib/gcc/msp430/4.6.3/../../../../msp430/lib/mmpy-16/libc.a(memset.o)
 .debug_abbrev  0x00000309       0xd0 /usr/lib/gcc/msp430/4.6.3/../../../../msp430/lib/mmpy-16/libc.a(printf.o)
 .debug_abbrev  0x000003d9      0x105 /usr/lib/gcc/msp430/4.6.3/../../../../msp430/lib/mmpy-16/libc.a(sprintf.o)
 .debug_abbrev  0x000004de      0x1ef /usr/lib/gcc/msp430/4.6.3/../../../../msp430/lib/mmpy-16/libc.a(vuprintf.o)
 .debug_abbrev  0x000006cd       0x60 /usr/lib/gcc/msp430/4.6.3/../../../../msp430/lib/mmpy-16/libc.a(puts.o)
 .debug_abbrev  0x0000072d       0xf0 /usr/lib/gcc/msp430/4.6.3/../../../../msp430/lib/mmpy-16/libc.a(rand.o)
 .debug_abbrev  0x0000081d       0x14 /usr/lib/gcc/msp430/4.6.3/mmpy-16/libgcc.a(_udivmod64.o)
 .debug_abbrev  0x00000831       0x14 /usr/lib/gcc/msp430/4.6.3/mmpy-16/libcrt0.a(__watchdog_support.o)
 .debug_abbrev  0x00000845       0x14 /usr/lib/gcc/msp430/4.6.3/mmpy-16/libcrt0.a(__init_stack.o)
 .debug_abbrev  0x00000859       0x14 /usr/lib/gcc/msp430/4.6.3/mmpy-16/libcrt0.a(_copy_data.o)
 .debug_abbrev  0x0000086d       0x14 /usr/lib/gcc/msp430/4.6.3/mmpy-16/libcrt0.a(_clear_bss.o)
 .debug_abbrev  0x00000881       0x14 /usr/lib/gcc/msp430/4.6.3/mmpy-16/libcrt0.a(_endless_loop__.o)
 .debug_abbrev  0x00000895       0x14 /usr/lib/gcc/msp430/4.6.3/mmpy-16/libcrt0.a(_unexpected_.o)

.debug_line     0x00000000      0xdf6
 *(.debug_line)
 .debug_line    0x00000000       0xa3 /usr/lib/gcc/msp430/4.6.3/mmpy-16/libgcc.a(_mulsi3.o)
 .debug_line    0x000000a3       0x9c /usr/lib/gcc/msp430/4.6.3/mmpy-16/libgcc.a(_udivmod16.o)
 .debug_line    0x0000013f       0xa7 /usr/lib/gcc/msp430/4.6.3/mmpy-16/libgcc.a(_divmod16.o)
 .debug_line    0x000001e6       0xab /usr/lib/gcc/msp430/4.6.3/mmpy-16/libgcc.a(_udivmod32.o)
 .debug_line    0x00000291       0x44 /usr/lib/gcc/msp430/4.6.3/../../../../msp430/lib/mmpy-16/libc.a(strchr.o)
 .debug_line    0x000002d5       0x75 /usr/lib/gcc/msp430/4.6.3/../../../../msp430/lib/mmpy-16/libc.a(strncmp.o)
 .debug_line    0x0000034a       0x73 /usr/lib/gcc/msp430/4.6.3/../../../../msp430/lib/mmpy-16/libc.a(memcmp.o)
 .debug_line    0x000003bd       0xe9 /usr/lib/gcc/msp430/4.6.3/../../../../msp430/lib/mmpy-16/libc.a(memcpy.o)
 .debug_line    0x000004a6       0xc8 /usr/lib/gcc/msp430/4.6.3/../../../../msp430/lib/mmpy-16/libc.a(memset.o)
 .debug_line    0x0000056e       0x72 /usr/lib/gcc/msp430/4.6.3/../../../../msp430/lib/mmpy-16/libc.a(printf.o)
 .debug_line    0x000005e0       0x9c /usr/lib/gcc/msp430/4.6.3/../../../../msp430/lib/mmpy-16/libc.a(sprintf.o)
 .debug_line    0x0000067c      0x2d2 /usr/lib/gcc/msp430/4.6.3/../../../../msp430/lib/mmpy-16/libc.a(vuprintf.o)
 .debug_line    0x0000094e       0x4d /usr/lib/gcc/msp430/4.6.3/../../../../msp430/lib/mmpy-16/libc.a(puts.o)
 .debug_line    0x0000099b       0x4f /usr/lib/gcc/msp430/4.6.3/../../../../msp430/lib/mmpy-16/libc.a(rand.o)
 .debug_line    0x000009ea       0xf1 /usr/lib/gcc/msp430/4.6.3/mmpy-16/libgcc.a(_udivmod64.o)
 .debug_line    0x00000adb       0x84 /usr/lib/gcc/msp430/4.6.3/mmpy-16/libcrt0.a(__watchdog_support.o)
 .debug_line    0x00000b5f       0x82 /usr/lib/gcc/msp430/4.6.3/mmpy-16/libcrt0.a(__init_stack.o)
 .debug_line    0x00000be1       0x88 /usr/lib/gcc/msp430/4.6.3/mmpy-16/libcrt0.a(_copy_data.o)
 .debug_line    0x00000c69       0x88 /usr/lib/gcc/msp430/4.6.3/mmpy-16/libcrt0.a(_clear_bss.o)
 .debug_line    0x00000cf1       0x83 /usr/lib/gcc/msp430/4.6.3/mmpy-16/libcrt0.a(_endless_loop__.o)
 .debug_line    0x00000d74       0x82 /usr/lib/gcc/msp430/4.6.3/mmpy-16/libcrt0.a(_unexpected_.o)

.debug_frame    0x00000000      0x272
 *(.debug_frame)
 .debug_frame   0x00000000       0x1e /usr/lib/gcc/msp430/4.6.3/../../../../msp430/lib/mmpy-16/libc.a(strchr.o)
 .debug_frame   0x0000001e       0x24 /usr/lib/gcc/msp430/4.6.3/../../../../msp430/lib/mmpy-16/libc.a(strncmp.o)
 .debug_frame   0x00000042       0x24 /usr/lib/gcc/msp430/4.6.3/../../../../msp430/lib/mmpy-16/libc.a(memcmp.o)
 .debug_frame   0x00000066       0x38 /usr/lib/gcc/msp430/4.6.3/../../../../msp430/lib/mmpy-16/libc.a(memcpy.o)
 .debug_frame   0x0000009e       0x32 /usr/lib/gcc/msp430/4.6.3/../../../../msp430/lib/mmpy-16/libc.a(memset.o)
 .debug_frame   0x000000d0       0x2a /usr/lib/gcc/msp430/4.6.3/../../../../msp430/lib/mmpy-16/libc.a(printf.o)
 .debug_frame   0x000000fa       0x68 /usr/lib/gcc/msp430/4.6.3/../../../../msp430/lib/mmpy-16/libc.a(sprintf.o)
 .debug_frame   0x00000162       0xb0 /usr/lib/gcc/msp430/4.6.3/../../../../msp430/lib/mmpy-16/libc.a(vuprintf.o)
 .debug_frame   0x00000212       0x24 /usr/lib/gcc/msp430/4.6.3/../../../../msp430/lib/mmpy-16/libc.a(puts.o)
 .debug_frame   0x00000236       0x3c /usr/lib/gcc/msp430/4.6.3/../../../../msp430/lib/mmpy-16/libc.a(rand.o)

.debug_str      0x00000000      0x45a
 *(.debug_str)
 .debug_str     0x00000000       0xbb /usr/lib/gcc/msp430/4.6.3/../../../../msp430/lib/mmpy-16/libc.a(strchr.o)
                                 0xf4 (size before relaxing)
 .debug_str     0x000000bb       0x22 /usr/lib/gcc/msp430/4.6.3/../../../../msp430/lib/mmpy-16/libc.a(strncmp.o)
                                 0xfd (size before relaxing)
 .debug_str     0x000000dd       0x19 /usr/lib/gcc/msp430/4.6.3/../../../../msp430/lib/mmpy-16/libc.a(memcmp.o)
                                 0xfb (size before relaxing)
 .debug_str     0x000000f6       0x34 /usr/lib/gcc/msp430/4.6.3/../../../../msp430/lib/mmpy-16/libc.a(memcpy.o)
                                0x116 (size before relaxing)
 .debug_str     0x0000012a       0x26 /usr/lib/gcc/msp430/4.6.3/../../../../msp430/lib/mmpy-16/libc.a(memset.o)
                                0x114 (size before relaxing)
 .debug_str     0x00000150       0x40 /usr/lib/gcc/msp430/4.6.3/../../../../msp430/lib/mmpy-16/libc.a(printf.o)
                                0x12a (size before relaxing)
 .debug_str     0x00000190       0x6e /usr/lib/gcc/msp430/4.6.3/../../../../msp430/lib/mmpy-16/libc.a(sprintf.o)
                                0x18f (size before relaxing)
 .debug_str     0x000001fe      0x218 /usr/lib/gcc/msp430/4.6.3/../../../../msp430/lib/mmpy-16/libc.a(vuprintf.o)
                                0x375 (size before relaxing)
 .debug_str     0x00000416       0x15 /usr/lib/gcc/msp430/4.6.3/../../../../msp430/lib/mmpy-16/libc.a(puts.o)
                                 0xf0 (size before relaxing)
 .debug_str     0x0000042b       0x2f /usr/lib/gcc/msp430/4.6.3/../../../../msp430/lib/mmpy-16/libc.a(rand.o)
                                0x10f (size before relaxing)

.debug_loc      0x00000000      0xbe9
 *(.debug_loc)
 .debug_loc     0x00000000        0xb /usr/lib/gcc/msp430/4.6.3/../../../../msp430/lib/mmpy-16/libc.a(strchr.o)
 .debug_loc     0x0000000b       0x38 /usr/lib/gcc/msp430/4.6.3/../../../../msp430/lib/mmpy-16/libc.a(strncmp.o)
 .debug_loc     0x00000043       0x5e /usr/lib/gcc/msp430/4.6.3/../../../../msp430/lib/mmpy-16/libc.a(memcmp.o)
 .debug_loc     0x000000a1      0x1e9 /usr/lib/gcc/msp430/4.6.3/../../../../msp430/lib/mmpy-16/libc.a(memcpy.o)
 .debug_loc     0x0000028a       0xdb /usr/lib/gcc/msp430/4.6.3/../../../../msp430/lib/mmpy-16/libc.a(memset.o)
 .debug_loc     0x00000365       0x38 /usr/lib/gcc/msp430/4.6.3/../../../../msp430/lib/mmpy-16/libc.a(printf.o)
 .debug_loc     0x0000039d       0xeb /usr/lib/gcc/msp430/4.6.3/../../../../msp430/lib/mmpy-16/libc.a(sprintf.o)
 .debug_loc     0x00000488      0x70c /usr/lib/gcc/msp430/4.6.3/../../../../msp430/lib/mmpy-16/libc.a(vuprintf.o)
 .debug_loc     0x00000b94       0x26 /usr/lib/gcc/msp430/4.6.3/../../../../msp430/lib/mmpy-16/libc.a(puts.o)
 .debug_loc     0x00000bba       0x2f /usr/lib/gcc/msp430/4.6.3/../../../../msp430/lib/mmpy-16/libc.a(rand.o)

.debug_macinfo
 *(.debug_macinfo)

.debug_pubtypes
 *(.debug_pubtypes)

.debug_ranges   0x00000000       0x18
 *(.debug_ranges)
 .debug_ranges  0x00000000       0x18 /usr/lib/gcc/msp430/4.6.3/../../../../msp430/lib/mmpy-16/libc.a(vuprintf.o)
                0x00003900                PROVIDE (__stack, (ORIGIN (ram) + 0x2800))
                0x00009854                PROVIDE (__data_start_rom, _etext)
                0x000098e2                PROVIDE (__data_end_rom, (_etext + SIZEOF (.data)))
OUTPUT(assignment1.sky elf32-msp430)
